[    0.000000] Linux version 4.15.0-51-generic (buildd@lgw01-amd64-059) (gcc version 7.3.0 (Ubuntu 7.3.0-16ubuntu3)) #55-Ubuntu SMP Wed May 15 14:27:21 UTC 2019 (Ubuntu 4.15.0-51.55-generic 4.15.18)
[    0.0000] Command ne: BOOT_IMAGEboot/vmnu-4.15.0-51eneric ro=LABEL=cloudimg-rootfs ro console=tty1 console=ttyS0
[    0.000000] KERNEL supported cpus:
[    0.000000]   Intel GenuineIntel
[    0.000000]   AMD AuthenticAMD
[    0.000000]   Centaur CentaurHauls
[    0.000000] x86/fpu: Supporting XSAVE feature x001: 'x87 floating point registers'
[    00000] 6/fpu: Supporting XSAVE feature 0x002: 'SSE registers'
[    0.000000] x86/fpu: Supporting XSAVE feature 0x004: 'AVX registers'
[    0.000000] x86/fpu: xstate_offset[2]:  576, xstate_sizes[2]:  256
[    0.000000] x86/fpu: Enabled xstate features 0x7, context size is 832 bytes, using 'standard' format.
[    0.000000] e820: BIOS-provided physical RAM map:
[    0.000000] BIOS-e820: [mem 0x00000000000000-0x000000000009fbff] usable
[    0.000000] BIOS-e820: [mem 0x000000000009fc00-0x000000000009ffff] reserved
[    0.000000] BIOS-e820: [mem 0x00000000000f0000-0x00000000000fffff] reserved
[    0.000000] BIOS-e820: [mem 0x0000000000100000-0x000000003ffeffff] usable
[    0.000000] BIOS-e820: [mem 0x000000003fff0000-0x000000003fffffff] ACPI data
[    0.000000] BIOS-e820: [mem 0x00000000fec00000-0x00000000fec00fff] resered
[    0.000000] BIOS-e820: [mem 0x00000000fee00000-0x00000000fee00fff] reserved
[    0.000000] BIOS-e820: [mem 0x00000000fffc0000-0x00000000ffffffff] reserved
[    0.000000] NX (Execute Disable) protection: active
[    0.000000] SMBIOS 2.5 present.
[    0.000000] DMI: innotek GmbH VirtualBox/VirtualBox, BIOVirtualx 2/01/2006
[    0.000000] Hypervisor detected: KVM
[    0.000000] e820: last_pfn = 0x3fff0 max_arch_pfn = 0x400000000
[    0.000000] MTRR: Disabled
[    0.000000] x86/PAT: MTRRs disabled, skipping PAT initialization too.
[    0.000000] CPU MTRRs all blank - virtualized system.
[    0.000000] x86/PAT: Configuration [0-7]: WB  WT  UC- UC  WB  WT  UC- UC  
[    0.000000] found SMP MP-table at [mem 0x0009fff0-0x0009ffff] mappedt [        (ptrval)]
[    0.000000] Scanning 1 areas for low memory corruption
[    0.000000] RAMDISK: [mem 0x359cd000-0x36cddfff]
[    0.000000] ACPI: Early table checksum verification disabled
[    0.000000] ACPI: RSDP 0x00000000000E0000 000024 (v02 VBOX  )
[    0.000000] ACPI: XSDT 0x000000003FFF0030 00003C (v01 VBOX   VBOXXSDT 00000001 ASL  00000061)
[    0.000000] ACPI: FACP 0x000000003FFF00F0 0000F4 (v04 VBOX   VBOXFA 00000001 ASL  00000061)
[    0.000000] ACPI: DSDT 0x000000003FFF0470 0021FF (v02 VBOX   VBOXBIOS 00000002 INTL 20100528)
[    0.000000] ACPI: FACS 0x000000003FFF0200 000040
[    0.000000] ACPI: FACS 0x000000003FFF0200 0000
[    0.000000] ACPI: APIC 0x000000003FFF0240 00005C (v02 VBOX   VBOXAPIC 00000001 ASL  00000061)
[    0.000000] ACPI: SSDT 0x000000003FFF02A0 0001CC (v01 VBOX   VBOXCPUT 00000002 INTL 20100528)
[    0.000000] No NUMA configuration found
[    0.000000] Faking a node at [mem 0x0000000000000000-0x000000003ffeffff]
[    0.000000] NODE_DATA(0) allocated [mem 0x3ffc5000-0x3ffeffff]
[    0.000000] kvm-clock: cpu 0, msr 0:3ff44001, prima cpuclkk
[  0000000] kvm-clock: Using msrs 4b564d01 and 4b564dd00
  0.0000] kvm-clock: usg sched offset of 6340507723 cycles
[    0.000000] clocksource: kvm-clock: mask: 0xffffffffffffffff max_cycles: 0x1cd42e4dffb, max_idle_ns: 881590591483 ns
[    0.000000] Zone ranges:
[    0.000000]   DMA      [mem 0x0000000000001000-0x0000000000ffffff]
[    0.000000]   DMA32    [mem 0x0000000001000000-0x000000003ffeffff]
[    0.00000]   Normal empty
[    0.000000]   Device   empty
[    0.000000] Movable zone start for each node
[    0.000000] Early memory node ranges
[    0.000000]   node   0: [mem 0000000000001000-0x000000000009efff]
[    0.000000]   node   0: [mem 0x0000000000100000-0x000000003ffeff]
[    0.000000] Reserved but unavailable: 114 pages
[    0.000000] Initmem setup node 0 [mem 0x000000000000000-000000003ffeffff]
[    0.00000] PI: PM-Timer IO Port: 0008
[  0000000] IOAPIC[0]: apic_id 2, version 32, address 0xfec00000, GSI 0-23
[    0.000000] ACPI: INT_SRC_OVR (bus 0 bus_irq 0 global_irq 2 dfl dfl)
[    0.000000] ACPI: INT_SRC_OVR (bus 0 bus_irq 9 global_irq 9 low level)
[    0.000000] Using ACPI (MADT) for SMP configuration information
[    0.000000] smpboot: Allowing 2 CPUs, 0 hotplug CPUs
[    0.000000] PM: Registered nosave memory: [mem 0x00000000-0x00000fff]
[    0.000000] PM: Registered nosave memory: [mem 0x0009f000-0x0009ffff]
[   0.00000] PM: Registered nosave memory: [mem 0x000a0000-0x000effff]
[    0.000000] PMReisered nave memor [mem 0x000f0000-0x000fffff]
[    0.000000] 82: em 0x40000-0xfefff] aiablefoPCI devices
[    0.000000] Booting paravirtualized kernel on KVM
[    0.000000] clocksource: refined-jiffies: mas: ffffff mx_cycle 0xffffffff, x_idle_ns: 7645519600211568 ns
[    0.000000] random: get_random_bytes called from start_kernel+0x99/0x4fd with crng_init=0
[    0.000000] setup_percpu: NR_CPUS:8192 nr_cpumask_bits:2 nr_cpu_ids:2 nr_node_ids:1
[    0.000000] percpu: Embedded 46 pages/cpu @        (ptrval) s151552 r8192 d28672 u1048576
[    0.000000] PV qspinlock hash table entries: 256 (order: 0, 4096 bytes)
[    0.000000] Built 1 zonelists, mobility grouping on.  Total pages: 257913
[    0.000000] Policy zone: DMA32
[    0.000000] Kernel command line: BOOT_IMAGE=/boot/vmlinuz-4.15.0-51-generic root=LABEL=cloudimg-rootfs ro console=tty1 console=ttyS0
[    0.000000] Memory: 983060K/1048120K available (12300K kernel code, 2473K rwdata, 4272K rodata, 2408K init, 2416K bss, 65060K reserved, 0K cma-reserved)
[    0.000000] SLUB: HWalign=64, Order=0-3, MinObjects=0, CPUs=2, Nodes=1
[    0.000000] Kernel/User page tables isolation: enabled
[    000000] ftre: allocang39215 entriesn 154 pages
[    0.004000] Hierarchical RCU implementation.
[    0.004000] 	RCU restricting CPUs from NR_CPUS=8192 to nr_cpu_ids=2.
[    0.004000] 	Tasks RCU enabled.
[    0.004000] RCU: Adjuin geomryfor rcu_anut_leaf=16, nr_cpuds=2
   0.0000 NR_IRQS:24544, nr_irqs440, palocated irqs: 16
[    0.000] Cosoe: colouVGA+ 0x25
  0.004000] console [tty1] enabled
[    0.004000] console [ttyS0] enabled
[    0.004000] ACPI: Core revisioon 20170831
[    0.004000] ACPI: 2 ACPI AML tables successfully acquired and loaded
[    0.004000] APIC: Switch to symmetric I/O mode setup
[    0.004000] x2apic enaed
[    0.004006] Switched APIC routing to physical x2apic.
[    0.008924] ..TIMER: vector=0x30 apic1=0 pin1=2 apic2=-1 pin2=-1
[    0.012005] tsc: Detected 2303.998 MHz processor
[    0.016012] Calibrating delay loop (skipped) preset value.. 4607.99 BogoMIPS (lpj=9215992)
[    0.018293] pid_max: default: 32768 minimum: 301
[    0.020035] Security Framework initialized
[    0.021223] Yama: becoming mindful.
[    0.022235] AppArmor: AppArmor initialized
[    0.024053] Dentry cache hash table entries: 131072 (order: 8, 1048576 bytes)
[    0.028064] Inode-cache hash table entries: 65536 (order: 7, 524288 bytes)
[    0.030320] Mount-cache hash table entries: 2048 (order: 2, 16384 bytes)
[    0.032015] Mountpoint-cache hash table entries: 2048 (order: 2, 16384 bytes)
[    0.036494] mce: CPU supports 0 MCE banks
[    0.040021] Last level iTLB entries: 4KB 64, 2MB 8, 4MB 8
[    0.044008] Last level dTLB entries: 4KB 64, 2MB 0, 4MB 0, 1GB 4
[    0.048008] Spectre V2 : Mitigation: Full generic retpoline
[    0.050077] Spectre V2 : Spectre v2 / SpectreRSB mitigation: Filling RSB on context switch
[    0.052005] Speculative Store Bypass: Vulnerable
[    0.056056] MDS: Mitigation: Clear CPU buffers
[    0.060089] Freeing SMP alternatives memory: 36K
[    0.064000] smpboot: CPU0: Intel(R) Core(TM) i5-7360U CPU @ 2.30GHz (family: 0x6, model: 0x8e, stepping: 0x9)
[    0.064135] Performance Events: unsupported p6 CPU model 142 no PMU driver, software events only.
[    0.068049] Hierarchical SRCU implementation.
[    0.072402] NMI watchdog: Perf event create on CPU 0 failed with -2
[    0.076007] NMI watchdog: Perf NMI watchdog permanently disabled
[    0.078022] smp: Bringing up secondary CPUs ...
[    0.080156] x86: Booting SMP configuration:
[    0.084007] .... node  #0, CPUs:      #1
[    0.004000] kvm-clock: cpu 1, msr 0:3ff44041, secondary cpu clock
[    0.004000] mce: CPU supports 0 MCE banks
[    0.119549] smp: Brought up 1 node, 2 CPUs
[    0.120012] smpboot: Max logical packages: 1
[    0.124009] smpboot: Total of 2 processors activated (9215.99 BogoMIPS)
[    0.128141] devtmpfs: initialized
[    0.132113] x86/mm: Memory block size: 128MB
[    0.136147] evm: security.selinux
[    0.140013] evm: security.SMACK64
[    0.144008] evm: security.SMACK64EXEC
[    0.148007] evm: security.SMACK64TRANSMUTE
[    0.152004] evm: security.SMACK64MMAP
[    0.153095] evm: security.apparmor
[    0.154301] evm: security.ima
[    0.156009] evm: security.capability
[    0.160238] clocksource: jiffies: mask: 0xffffffff max_cycles: 0xffffffff, max_idle_ns: 7645041785100000 ns
[    0.164040] futex hash table entries: 512 (order: 3, 32768 bytes)
[    0.168114] pinctrl core: initialized pinctrl subsystem
[    0.176122] RTC time:  4:03:33, date: 06/09/19
[    0.180232] NET: Registered protocol family 16
[    0.184081] audit: initializing netlink subsys (disabled)
[    0.188073] audit: type=2000 audit(1560053017.347:1): state=initialized audit_enabled=0 res=1
[    0.196014] cpuidle: using governor ladder
[    0.200016] cpuidle: using governor menu
[    0.204055] ACPI: bus type PCI registered
[    0.208009] acpiphp: ACPI Hot Plug PCI Controller Driver version: 0.5
[    0.212188] PCI: Using configuration type 1 for base access
[    0.220453] HugeTLB registered 2.00 MiB page size, pre-allocated 0 pages
[    0.222210] ACPI: Added _OSI(Module Device)
[    0.224012] ACPI: Added _OSI(Processor Device)
[    0.225430] ACPI: Added _OSI(3.0 _SCP Extensions)
[    0.226831] ACPI: Added _OSI(Processor Aggregator Device)
[    0.228009] ACPI: Added _OSI(Linux-Dell-Video)
[    0.229439] ACPI: Added _OSI(Linux-Lenovo-NV-HDMI-Audio)
[    0.232006] ACPI: Added _OSI(Linux-HPI-Hybrid-Graphics)
[    0.236454] ACPI: Executed 1 blocks of module-level executable AML code
[    0.246872] ACPI: Interpreter enabled
[    0.248031] ACPI: (supports S0 S5)
[    0.252007] ACPI: Using IOAPIC for interrupt routing
[    0.256230] PCI: Using host bridge windows from ACPI; if necessary, use "pci=nocrs" and report a bug
[    0.260363] ACPI: Enabled 2 GPEs in block 00 to 07
[    0.274358] ACPI: PCI Root Bridge [PCI0] (domain 0000 [bus 00-ff])
[    0.276000] acpi PNP0A03:00: _OSC: OS supports [ASPM ClockPM Segments MSI]
[    0.276036] acpi PNP0A03:00: _OSC: not requesting OS control; OS requires [ExtendedConfig ASPM ClockPM MSI]
[    0.278158] acpi PNP0A03:00: fail to add MMCONFIG information, can't access extended PCI configuration space under this bridge.
[    0.280483] PCI host bridge to bus 0000:00
[    0.284010] pci_bus 0000:00: root bus resource [io  0x0000-0x0cf7 window]
[    0.285965] pci_bus 0000:00: root bus resource [io  0x0d00-0xffff window]
[    0.288010] pci_bus 0000:00: root bus resource [mem 0x000a0000-0x000bffff window]
[    0.290067] pci_bus 0000:00: root bus resource [mem 0x40000000-0xfdffffff window]
[    0.292006] pci_bus 0000:00: root bus resource [bus 00-ff]
[    0.297766] pci 0000:00:01.1: legacy IDE quirk: reg 0x10: [io  0x01f0-0x01f7]
[    0.299722] pci 0000:00:01.1: legacy IDE quirk: reg 0x14: [io  0x03f6]
[    0.300005] pci 0000:00:01.1: legacy IDE quirk: reg 0x18: [io  0x0170-0x0177]
[    0.304009] pci 0000:00:01.1: legacy IDE quirk: reg 0x1c: [io  0x0376]
[    0.327789] pci 0000:00:07.0: quirk: [io  0x4000-0x403f] claimed by PIIX4 ACPI
[    0.328032] pci 0000:00:07.0: quirk: [io  0x4100-0x410f] claimed by PIIX4 SMB
[    0.345289] ACPI: PCI Interrupt Link [LNKA] (IRQs 5 9 10 *11)
[    0.348329] ACPI: PCI Interrupt Link [LNKB] (IRQs 5 9 *10 11)
[    0.352146] ACPI: PCI Interrupt Link [LNKC] (IRQs 5 *9 10 11)
[    0.354563] ACPI: PCI Interrupt Link [LNKD] (IRQs 5 9 10 *11)
[    0.356555] SCSI subsystem initialized
[    0.357865] pci 0000:00:02.0: vgaarb: setting as boot VGA device
[    0.357865] pci 0000:00:02.0: vgaarb: VGA device added: decodes=io+mem,owns=io+mem,locks=none
[    0.360020] pci 0000:00:02.0: vgaarb: bridge control possible
[    0.364008] vgaarb: loaded
[    0.364852] ACPI: bus type USB registered
[    0.366015] usbcore: registered new interface driver usbfs
[    0.368022] usbcore: registered new interface driver hub
[    0.372044] usbcore: registered new device driver usb
[    0.373532] EDAC MC: Ver: 3.0.0
[    0.376397] PCI: Using ACPI for IRQ routing
[    0.384274] NetLabel: Initializing
[    0.385255] NetLabel:  domain hash size = 128
[    0.388003] NetLabel:  protocols = UNLABELED CIPSOv4 CALIPSO
[    0.392024] NetLabel:  unlabeled traffic allowed by default
[    0.396099] clocksource: Switched to clocksource kvm-clock
[    0.430911] VFS: Disk quotas dquot_6.6.0
[    0.432130] VFS: Dquot-cache hash table entries: 512 (order 0, 4096 bytes)
[    0.4085] AppArmor: AppArmor Filesystem Enabled
[   .4009] pnp: PnP ACPI ini
[    0.609257] pnp: PnP ACPI: found devis
[  0286]losoceac_pm: mas 0fff x_cl: ffff, max_ie_: 8510 ns
[    1.641834] NET: Registered protocol family 2

[    1.644692] TCP established hash table entries: 8192 (order: 4, 65536 bytes)
[    1.652652] TCP bind hashtable entries: 8192 (order: 5, 131072 bytes)
[    1.693064] TCP: Hash tables configured (established 8192 bind 8192)
[    1.695688] UDP hash table entries: 51 (de 2164 te
[   9761UDLi hh blenie 512(oer: 2, 16384 bytes)
[    2.494659] NET: Registeredrocofaly
    2.707301] pci 0000:00:00.0: Limiting direct PCI/PCI transfers
[    2.729809] pci 0000:00:01.0: Activating ISA DMA hang workounds
[    2.794225] pci 0000:00:02.: dedeceitshoweROatme0x0c00x000dffff
[    3.422007] Unpacking initramfs...
[    3.681995] Freeing initrd memory: 19524K
[    3.730150] clocksource: tsc: mask: 0xffffffffffffffff max_cycles: 0x2135f5e6f15, max_idle_ns: 440795231538 ns
[    3.732936] platform rtc_cmos: registered platform RTC device (no PNP device found)
[    3.735043] Scanning for low memory corruption every 60 seconds
[    3.778121] Initialise system trusted keyrings
[    3.822245] Key type blacklist registered
[    3.823364] workingset: timestamp_bits=36 max_order=18 bucket_order=0
[    3.825666] zbud: loaded
[    3.826959] squashfs: version 4.0 (2009/01/31) Phillip Lougher
[    3.828997] fuse init (API version 7.26)
[    3.836514] Key type asymmetric registered
[    3.837441] Asymmetric key parser 'x509' registered
[    3.838500] Block layer SCSI generic (bsg) driver version 0.4 loaded (major 246)
[    3.840212] io scheduler noop registered
[    3.841053] io scheduler deadline registered
[    3.841993] io scheduler cfq registered (default)
[    3.843591] ACPI: AC Adapter [AC] (on-line)
[    3.844630] input: Power Button as /devices/LNXSYSTM:00/LNXPWRBN:00/input/input0
[    3.846332] ACPI: Power Button [PWRF]
[    3.847493] input: Sleep Buttonas /devices/LNXSYSTM:00/LNXSLPBN:00/input/input1

[    3.890086] ACPI: Sleep Button [SLPF]
[    3.898935] Serial: 8250/16550 driver, 32 ports, IRQ sharing enabled
[    3.901449] ACPI: Battery Slot [BAT0] (battery present)
[    3.944215] 00:02: ttyS0 at I/O 0x3f8 (irq = 4, base_baud = 115200) is a 16550A
[    4.051184] Linux agpgart interface v0.103
[    4.120739] loop: module loaded
[    4.128141] scsi host0: ata_piix
[    4.165885] scsi host1: ata_piix
[    4.197175] ata1: PATA max UDMA/33 cmd 0x1f0 ctl 0x3f6 bmdma 0xd000 irq 14
[    4.220511] ata2: PATA max UDMA/33 cmd 0x170 ctl 0x376 bmdma 0xd008 irq 15
[    4.340785] libphy: Fixed MDIO Bus: probed
[    4.34173]un: UnivealTUN/TAP device driver, 1.6
[   .546 P geric driver version 2.4.2

[    4.720491] ehci_hcd: USB 2.0 'Enhanced' Host Controller (EHCI) Driver
[    4.813684] ehci-pci: EHCI PCI platform driver
[    4.837100] ehci-platform: EHCI generic platform driver
[    4.838572] ohci_hcd: USB 1.1 'Open' Host Controller (OHCI) Driver
[    4.860162] ohci-pci: OHCI PCI platform driver
[    4.908360] ohci-platform: OHCI generic platform driver
[    4.925567] uhci_hcd: USB Universal Host Controller Interface driver
[    4.927386] i8042: PNP: PS/2 Controller [PNP0303:PS2K,PNP0f03:PS2M] at 0x60,0x64 irq 1,12
[    4.930440] serio: i8042 KBD port at 0x60,0x64 irq 1
[    4.931896] serio: i8042 AUX port at 0x60,0x64 irq 12
[    4.933480] mousedev: PS/2 mouse device common for all mice
[    4.937208] rtc_cmos rtc_cmos: rtc core: registered rtc_cmos as rtc0
[    4.937262] input: AT Translated Set 2 keyboard as /devices/platform/i8042/serio0/input/input2
[    4.941431] rtc_cmos rtc_cmos: alarms up to one day, 114 bytes nvram
[    4.943192] i2c /dev entries driver
[    4.944342] device-mapper: uevent: version 1.0.3
[    4.946324] device-mapper: ioctl: 4.37.0-ioctl (2017-09-20) initialised: dm-devel@redhat.com
[    4.948959] ledtrig-cpu: registered to indicate activity on CPUs
[    4.960438] NET: Registered protocol family 10
[    4.969535] Segment Routing with IPv6
[    4.972422] NET: Registered protocol family 17
[    4.974357] Key type dns_resolver registered
[    4.976703] RAS: Correctable Errors collector initialized.
[    4.980228] sched_clock: Marking stable (4980199127, 0)->(9205933382, -4225734255)
[    4.986633] registered taskstats version 1
[    4.988437] Loading compiled-in X.509 certificates
[    4.994890] Loaded X.509 cert 'Build time autogenerated kernel key: c1fa4cde9d34780ae4ae655b856adc042b663c06'
[    5.007047] zswap: loaded using pool lzo/zbud
[    5.014522] Key type big_key registered
[    5.015466] Key type trusted registered
[    5.018669] Key type encrypted registered
[    5.019639] AppArmor: AppArmor sha1 policy hashing enabled
[    5.034788] ima: No TPM chip found, activating TPM-bypass! (rc=-19)
[    5.041319] ima: Allocated hash algorithm: sha1
[    5.049409] evm: HMAC attrs: 0x1
[    5.052591]   Magic number: 7:609:59
[    5.055035] rtc_cmos rtc_cmos: setting system clock to 2019-06-09 04:03:38 UTC (1560053018)
[    5.065402] BIOS EDD facility v0.16 2004-Jun-25, 0 devices found
[    5.067707] EDD information not available.
[    5.080232] Freeing unused kernel image memory: 2408K
[    5.108948] Write protecting the kernel read-only data: 20480k
[    5.111095] Freeing unused kernel image memory: 2008K
[    5.112858] Freeing unused kernel image memory: 1872K
[    5.130127] x86/mm: Checked W+X mappings: passed, no W+X pages found.
[    5.132681] x86/mm: Checking user space page tables
[    5.155565] x86/mm: Checked W+X mappings: passed, no W+X pages found.
Loading, please wait...
starting version 237
[    5.234917] e1000: Intel(R) PRO/1000 Network Driver - version 7.3.21-k8-NAPI
[    5.240734] e1000: Copyright (c) 1999-2006 Intel Corporation.
[    5.242166] vboxvideo: loading out-of-tree module taints kernel.
[    5.244389] vboxvideo: module verification failed: signature and/or required key missing - tainting kernel
[    5.272658] Fusion MPT base driver 3.04.20
[    5.292201] Copyright (c) 1999-2008 LSI Corporation
[    5.298743] Fusion MPT SPI Host driver 3.04.20
[    5.306035] AVX2 version of gcm_enc/dec engaged.
[    5.307381] AES CTR mode by8 optimization enabled
[    5.525688] input: ImExPS/2 Generic Explorer Mouse as /devices/platform/i8042/serio1/input/input4
[    5.683129] e1000 0000:00:03.0 eth0: (PCI:33MHz:32-bit) 02:06:b1:f3:7b:7f
[    6.432542] e1000 0000:00:03.0 eth0: Intel(R) PRO/1000 Network Connection
[    6.894191] e1000 0000:00:08.0 eth1: (PCI:33MHz:32-bit) 08:00:27:3d:05:d6
[    7.473962] e1000 0000:00:08.0 eth1: Intel(R) PRO/1000 Network Connection
[    7.517475] [drm] VRAM 01000000
[    7.517521] e1000 0000:00:08.0 enp0s8: renamed from eth1
[    7.519480] [TTM] Zone  kernel: Available graphics memory: 504454 kiB
[    7.520826] [TTM] Initializing pool allocator
[    7.521845] [TTM] Initializing DMA pool allocator
[    7.524179] fbcon: vboxdrmfb (fb0) is primary device
[    7.525548] Console: switching to colour frame buffer device 100x37
[    7.528229] vboxvideo 0000:00:02.0: fb0: vboxdrmfb frame buffer device
[    7.529783] e1000 0000:00:03.0 enp0s3: renamed from eth0
[    7.640417] [drm] Initialized vboxvideo 1.0.0 20130823 for 0000:00:02.0 on minor 0
[    7.661662] mptbase: ioc0: Initiating bringup
[    7.922502] ioc0: LSI53C1030 A0: Capabilities={Initiator}
[    9.007674] scsi host2: ioc0: LSI53C1030 A0, FwRev=00000000h, Ports=1, MaxQ=256, IRQ=20
[    9.550195] scsi 2:0:0:0: Direct-Access     VBOX     HARDDISK         1.0  PQ: 0 ANSI: 5
[    9.742853] scsi target2:0:0: Beginning Domain Validation
[   10.429215] scsi target2:0:0: Domain Validation skipping write tests
[   10.430779] scsi target2:0:0: Ending Domain Validation
[   10.432337] scsi target2:0:0: asynchronous
[   10.471688] random: fast init done
[   10.475813] scsi 2:0:1:0: Direct-Access     VBOX     HARDDISK         1.0  PQ: 0 ANSI: 5
[   10.512821] scsi target2:0:1: Beginning Domain Validation
[   10.539506] scsi target2:0:1: Domain Validation skipping write tests
[   10.559107] scsi target2:0:1: Ending Domain Validation
[   10.560671] scsi target2:0:1: asynchronous
[   11.098990] random: systemd-udevd: uninitialized urandom read (16 bytes read)
[   11.100568] random: systemd-udevd: uninitialized urandom read (16 bytes read)
[   11.101118] sd 2:0:0:0: [sda] 20971520 512-byte logical blocks: (10.7 GB/10.0 GiB)
[   11.101142] sd 2:0:0:0: Attached scsi generic sg0 type 0
[   11.101196] sd 2:0:0:0: [sda] Write Protect is off
[   11.101335] sd 2:0:0:0: [sda] Incomplete mode parameter data
[   11.101336] sd 2:0:0:0: [sda] Assuming drive cache: write through
[   11.101902] sd 2:0:1:0: Attached scsi generic sg1 type 0
[   11.102349] sd 2:0:1:0: [sdb] 20480 512-byte logical blocks: (10.5 MB/10.0 MiB)
[   11.102420] sd 2:0:1:0: [sdb] Write Protect is off
[   11.102571] sd 2:0:1:0: [sdb] Incomplete mode parameter data
[   11.102572] sd 2:0:1:0: [sdb] Assuming drive cache: write through
[   11.103730]  sda: sda1
[   11.104362] sd 2:0:0:0: [sda] Attached SCSI disk
[   11.104873] sd 2:0:1:0: [sdb] Attached SCSI disk
[   11.364062] random: systemd-udevd: uninitialized urandom read (16 bytes read)
Begin: Loading essential drivers ... [   11.568139] raid6: sse2x1   gen()  5760 MB/s
[   11.616236] raid6: sse2x1   xor()  6562 MB/s
[   11.688073] raid6: sse2x2   gen() 14280 MB/s
[   11.776078] raid6: sse2x2   xor()  9566 MB/s
[   11.836584] raid6: sse2x4   gen() 16930 MB/s
[   11.920116] raid6: sse2x4   xor() 10479 MB/s
[   11.980546] raid6: avx2x1   gen() 24162 MB/s
[   12.072033] raid6: avx2x1   xor() 16325 MB/s
[   12.148459] raid6: avx2x2   gen() 29128 MB/s
[   12.220046] raid6: avx2x2   xor() 17807 MB/s
[   12.284172] raid6: avx2x4   gen() 32150 MB/s
[   12.348033] raid6: avx2x4   xor() 19536 MB/s
[   12.366204] raid6: using algorithm avx2x4 gen() 32150 MB/s
[   12.367751] raid6: .... xor() 19536 MB/s, rmw enabled
[   12.391662] raid6: using avx2x2 recovery algorithm
[   12.415394] xor: automatically using best checksumming function   avx       
[   12.444157] async_tx: api initialized (async)
done.
Begin: Running /scripts/init-premount ... done.
Begin: Mounting root file system ... Begin: Running /scripts/lo[   12.503229] Btrfs loaded, crc32c=crc32c-intel
cal-top ... done.
Begin: Running /scripts/local-premount ... Scanning for Btrfs filesystems
done.
Warning: fsck no[   12.586403] EXT4-fs (sda1): INFO: recovery required on readonly filesystem
t present, so skipping root file[   12.612972] EXT4-fs (sda1): write access will be enabled during recovery
 system
[   14.116728] random: crng init done
[   14.118508] random: 7 urandom warning(s) missed due to ratelimiting
[   14.131550] EXT4-fs (sda1): recovery complete
[   14.147288] EXT4-fs (sda1): mounted filesystem with ordered data mode. Opts: (null)
done.
Begin: Running /scripts/local-bottom ... done.
Begin: Running /scripts/init-bottom ... done.
[   14.532196] ip_tables: (C) 2000-2006 Netfilter Core Team
[   14.563383] systemd[1]: systemd 237 running in system mode. (+PAM +AUDIT +SELINUX +IMA +APPARMOR +SMACK +SYSVINIT +UTMP +LIBCRYPTSETUP +GCRYPT +GNUTLS +ACL +XZ +LZ4 +SECCOMP +BLKID +ELFUTILS +KMOD -IDN2 +IDN -PCRE2 default-hierarchy=hybrid)
[   15.275310] systemd[1]: Detected virtualization oracle.
[   15.479051] systemd[1]: Detected architecture x86-64.

Welcome to [1mUbuntu 18.04.2 LTS[0m!

[   15.944061] systemd[1]: Set hostname to <ubuntu-bionic>.
[   16.596718] systemd[1]: Set up automount Arbitrary Executable File Formats File System Automount Point.
[[0;32m  OK  [0m] Set up automount Arbitrary Executabâ€¦rmats File System Automount Point.
[   16.608098] systemd[1]: Created slice System Slice.
[[0;32m  OK  [0m] Created slice System Slice.
[   16.919193] systemd[1]: Listening on /dev/initctl Compatibility Named Pipe.
[[0;32m  OK  [0m] Listening on /dev/initctl Compatibility Named Pipe.
[   17.150415] systemd[1]: Listening on Journal Socket.
[[0;32m  OK  [0m] Listening on Journal Socket.
[   17.738089] systemd[1]: Mounting Kernel Debug File System...
         Mounting Kernel Debug File System...
[   17.753464] systemd[1]: Listening on Journal Audit Socket.
[[0;32m  OK  [0m] Listening on Journal Audit Socket.
         Mounting Huge Pages File System...
         Starting Create list of required stâ€¦ce nodes for the current kernel...
         Starting Uncomplicated firewall...
[[0;32m  OK  [0m] Listening on Syslog Socket.
[[0;32m  OK  [0m] Created slice system-serial\x2dgetty.slice.
         Starting Set the console keyboard layout...
[[0;32m  OK  [0m] Listening on LVM2 poll daemon socket.
[[0;32m  OK  [0m] Listening on udev Kernel Socket.
[[0;32m  OK  [0m] Listening on LVM2 metadata daemon socket.
[[0;32m  OK  [0m] Listening on Network Service Netlink Socket.
[[0;32m  OK  [0m] Created slice User and Session Slice.
[[0;32m  OK  [0m] Reached target Swap.
[[0;32m  OK  [0m] Listening on Journal Socket (/dev/log).
         Starting Journal Service...
[[0;32m  OK  [0m] Reached target Slices.
[[0;32m  OK  [0m] Reached target User and Group Name Lookups.
[[0;32m  OK  [0m] Listening on udev Control Socket.
[[0;32m  OK  [0m] Started Forward Password Requests to Wall Directory Watch.
[[0;32m  OK  [0m] Reached target System Time Synchronized.
         Starting Load Kernel Modules...
         Starting Remount Root and Kernel File Systems...
         Starting udev Coldplug all Devices...
[   18.214669] Loading iSCSI transport class v2.0-870.
[[0;32m  OK  [0m] Listening on Device-mapper event daemon FIFO[   18.257550] iscsi: registered transport (tcp)
s.
[   18.428187] EXT4-fs (sda1): re-mounted. Opts: (null)
         Starting Monitoring of LVM2 mirrorsâ€¦ng dmeventd or progress polling...
         Mounting POSIX Message Queue File System...
[[0;32m  OK  [0m] Started Journal Service.
[[0;32m  OK  [0m] Mounted Kernel Debug File System.
[[0;32m  OK  [0m] Mounted Huge Pages File System.
[[0;32m  OK  [0m] Started Create list of required staâ€¦vice nodes for the current kernel.
[[0;32m  OK  [0m] Started Uncomplicated firewall.
[   18.581709] iscsi: registered transport (iser)
[[0;32m  OK  [0m] Started Set the console keyboard layout.
[[0;32m  OK  [0m] Started Load Kernel Modules.
[[0;32m  OK  [0m] Started Remount Root and Kernel File Systems.
[[0;32m  OK  [0m] Mounted POSIX Message Queue File System.
[[0;32m  OK  [0m] Started udev Coldplug all Devices.
[[0;32m  OK  [0m] Started LVM2 metadata daemon.
         Starting Load/Save Random Seed...
         Starting Apply Kernel Variables...
         Mounting Kernel Configuration File System...
         Mounting FUSE Control File System...
         Starting Create Static Device Nodes in /dev...
         Starting Flush Journal to Persistent Storage...
[[0;32m  OK  [0m] Started Monitoring of LVM2 mirrors,â€¦sing dmeventd or progress polling.
[[0;32m  OK  [0m] Started Load/Save Random Seed.
[[0;32m  OK  [0m] Started Apply Kernel Variables.
[[0;32m  OK  [0m] Mounted Kernel Configuration File System.
[[0;32m  OK  [0m] Mounted FUSE Control File System.
[[0;32m  OK  [0m] Started Create Static Device Nodes in /dev.
         Starting udev Kernel Device Manager...
[[0;32m  OK  [0m] Reached target Local File Systems (Pre).
[[0;32m  OK  [0m] Reached target Local File Systems.
         Starting Set console font and keymap...
         Starting Tell Plymouth To Write Out Runtime Data...
         Starting AppArmor initialization...
         Starting ebtables ruleset management...
[[0;32m  OK  [0m] Started udev Kernel Device Manager.
[[0;32m  OK  [0m] Started Set console font and keymap.
[[0;32m  OK  [0m] Started Dispatch Password Requests to Console Directory Watch.
[[0;32m  OK  [0m] Reached target Local Encrypted Volumes.
[[0;32m  OK  [0m] Started Tell Plymouth To Write Out Runtime Data.
[[0;32m  OK  [0m] Started Flush Journal to Persistent Storage.
         Starting Create Volatile Files and Directories...
[[0;32m  OK  [0m] Started ebtables ruleset management.
[[0;32m  OK  [0m] Started Create Volatile Files and Directories.
         Starting Update UTMP about System Boot/Shutdown...
[[0;32m  OK  [0m] Started Update UTMP about System Boot/Shutdown.
[[0;32m  OK  [0m] Found device /dev/ttyS0.
[[0;32m  OK  [0m] Listening on Load/Save RF Kill Switch Status /dev/rfkill Watch.
[[0;32m  OK  [0m] Started AppArmor initialization.
         Starting Initial cloud-init job (pre-networking)...
[   22.022512] cloud-init[574]: Cloud-init v. 19.1-1-gbaa47854-0ubuntu1~18.04.1 running 'init-local' at Sun, 09 Jun 2019 04:03:55 +0000. Up 21.83 seconds.
[[0;32m  OK  [0m] Started Initial cloud-init job (pre-networking).
[[0;32m  OK  [0m] Reached target Network (Pre).
         Starting Network Service...
[[0;32m  OK  [0m] Started Network Service.
         Starting Network Name Resolution...
         Starting Wait for Network to be Configured...
[[0;32m  OK  [0m] Started Network Name Resolution.
[[0;32m  OK  [0m] Reached target Network.
[[0;32m  OK  [0m] Reached target Host and Network Name Lookups.
[[0;32m  OK  [0m] Started Wait for Network to be Configured.
         Starting Initial cloud-init job (metadata service crawler)...
[   24.119899] cloud-init[706]: Cloud-init v. 19.1-1-gbaa47854-0ubuntu1~18.04.1 running 'init' at Sun, 09 Jun 2019 04:03:57 +0000. Up 24.00 seconds.
[   24.147048] cloud-init[706]: ci-info: ++++++++++++++++++++++++++++++++++++++Net device info++++++++++++++++++++++++++++++++++++++
[   24.180853] cloud-init[706]: ci-info: +--------+------+----------------------------+---------------+--------+-------------------+
[   24.185375] cloud-init[706]: ci-info: | Device |  Up  |          Address           |      Mask     | Scope  |     Hw-Address    |
[   24.224219] cloud-init[706]: ci-info: +--------+------+----------------------------+---------------+--------+-------------------+
[   24.275279] cloud-init[706]: ci-info: | enp0s3 | True |         10.0.2.15          | 255.255.255.0 | global | 02:06:b1:f3:7b:7f |
[   24.316998] cloud-init[706]: ci-info: | enp0s3 | True | fe80::6:b1ff:fef3:7b7f/64  |       .       |  link  | 02:06:b1:f3:7b:7f |
[   24.334896] cloud-init[706]: ci-info: | enp0s8 | True |       192.168.33.10        | 255.255.255.0 | global | 08:00:27:3d:05:d6 |
[   24.357814] cloud-init[706]: ci-info: | enp0s8 | True | fe80::a00:27ff:fe3d:5d6/64 |       .       |  link  | 08:00:27:3d:05:d6 |
[[   24.446036] cloud-init[706]: ci-info: |   lo   | True |         127.0.0.1          |   255.0.0.0   |  host  |         .         |
[   24.446223] cloud-init[706]: ci-info: |   lo   | True |          ::1/128           |       .       |  host  |         .         |
[   24.446611] cloud-init[706]: ci-info: +--------+------+----------------------------+---------------+--------+-------------------+
[   24.446992] cloud-init[706]: ci-info: +++++++++++++++++++++++++++++Route IPv4 info+++++++++++++++++++++++++++++
[   24.447379] cloud-init[706]: ci-info: +-------+--------------+----------+-----------------+-----------+-------+
[   24.447761] cloud-init[706]: ci-info: | Route | Destination  | Gateway  |     Genmask     | Interface | Flags |
[   24.448640] cloud-init[706]: ci-info: +-------+--------------+----------+-----------------+-----------+-------+
[   24.449021] cloud-init[706]: ci-info: |   0   |   0.0.0.0    | 10.0.2.2 |     0.0.0.0     |   enp0s3  |   UG  |
[   24.449409] cloud-init[706]: ci-info: |   1   |   10.0.2.0   | 0.0.0.0  |  255.255.255.0  |   enp0s3  |   U   |
[   24.449868] cloud-init[706]: ci-info: |   2   |   10.0.2.2   | 0.0.0.0  | 255.255.255.255 |   enp0s3  |   UH  |
[0;32m  OK  [0m] Started Initial cloud-init job (metadata service crawler).
[   24.450404] cloud-init[706]: ci-info: |   3   | 192.168.33.0 | 0.0.0.0  |  255.255.255.0  |   enp0s8  |   U   |
[[   24.807064] cloud-init[706]: ci-info: +-------+--------------+----------+-----------------+-----------+-------+
[   24.807294] cloud-init[706]: ci-info: +++++++++++++++++++Route IPv6 info+++++++++++++++++++
[   24.807658] cloud-init[706]: ci-info: +-------+-------------+---------+-----------+-------+
[0;32m  OK  [0m] Reached target System Initialization.
[   24.808643] cloud-init[706]: ci-info: | Route | Destination | Gateway | Interface | Flags |
[[0;32m  OK  [0m] Started Daily apt download activities.
[   24.850625] cloud-init[706]: ci-info: +-------+-------------+---------+-----------+-------+
[[   24.868987] cloud-init[706]: ci-info: |   1   |  fe80::/64  |    ::   |   enp0s8  |   U   |
[   24.869433] cloud-init[706]: ci-info: |   2   |  fe80::/64  |    ::   |   enp0s3  |   U   |
[   24.869922] cloud-init[706]: ci-info: |   4   |    local    |    ::   |   enp0s3  |   U   |
[   24.870351] cloud-init[706]: ci-info: |   5   |    local    |    ::   |   enp0s8  |   U   |
[   24.870829] cloud-init[706]: ci-info: |   6   |   ff00::/8  |    ::   |   enp0s8  |   U   |
[0;32m  OK  [0m] Started Discard unused blocks once a week.
[[   24.872216] cloud-init[706]: ci-info: |   7   |   ff00::/8  |    ::   |   enp0s3  |   U   |
[   25.061105] cloud-init[706]: ci-info: +-------+-------------+---------+-----------+-------+
[0;32m  OK  [0m] Listening on Open-iSCSI iscsid Socket.
[[0;32m  OK  [0m] Started Daily Cleanup of Temporary Directories.
         Starting LXD - unix socket.
[[0;32m  OK  [0m] Listening on ACPID Listen Socket.
[[0;32m  OK  [0m] Listening on D-Bus System Message Bus Socket.
[[0;32m  OK  [0m] Started ACPI Events Check.
[[0;32m  OK  [0m] Reached target Paths.
         Starting Socket activation for snappy daemon.
[[0;32m  OK  [0m] Started Daily apt upgrade and clean activities.
[[0;32m  OK  [0m] Started Message of the Day.
[[0;32m  OK  [0m] Reached target Timers.
[[0;32m  OK  [0m] Listening on UUID daemon activation socket.
[[0;32m  OK  [0m] Reached target Network is Online.
         Starting Availability of block devices...
[[0;32m  OK  [0m] Reached target Remote File Systems (Pre).
[[0;32m  OK  [0m] Reached target Remote File Systems.
[[0;32m  OK  [0m] Reached target Cloud-config availability.
[[0;32m  OK  [0m] Listening on LXD - unix socket.
[[0;32m  OK  [0m] Listening on Socket activation for snappy daemon.
[[0;32m  OK  [0m] Started Availability of block devices.
[[0;32m  OK  [0m] Reached target Sockets.
[[0;32m  OK  [0m] Reached target Basic System.
         Starting vboxadd.service...
[[0;32m  OK  [0m] Started irqbalance daemon.
[[0;32m  OK  [0m] Started Regular background program processing daemon.
         Starting Accounts Service...
         Starting Login Service...
         Starting System Logging Service...
         Starting Snappy daemon...
         Starting LSB: Record successful boot for GRUB...
         Starting OpenBSD Secure Shell server...
         Starting LSB: automatic crash report generation...
         Starting Dispatcher daemon for systemd-networkd...
[[0;32m  OK  [0m] Started FUSE filesystem for LXC.
[[0;32m  OK  [0m] Started Deferred execution scheduler.
         Starting Permit User Sessions...
[[0;32m  OK  [0m] Started D-Bus System Message Bus.
         Starting LXD - container startup/shutdown...
[[0;32m  OK  [0m] Started System Logging Service.
[[0;32m  OK  [0m] Started Snappy daemon.
[[0;32m  OK  [0m] Started Permit User Sessions.
[[0;32m  OK  [0m] Started Login Service.
[[0;32m  OK  [0m] Started Unattended Upgrades Shutdown.
         Starting Terminate Plymouth Boot Screen...
         Starting Hold until boot process finishes up...
         Starting Wait until snapd is fully seeded...
[[0;32m  OK  [0m] Started Terminate Plymouth Boot Screen.
[[0;32m  OK  [0m] Started Hold until boot process finishes up.
         Starting Set console scheme...
[[0;32m  OK  [0m] Started Serial Getty on ttyS0.
[[0;32m  OK  [0m] Started Set console scheme.
[[0;32m  OK  [0m] Started Wait until snapd is fully seeded.
         Starting Apply the settings specified in cloud-config...
[[0;32m  OK  [0m] Created slice system-getty.slice.
[[0;32m  OK  [0m] Started Getty on tty1.
[[0;32m  OK  [0m] Reached target Login Prompts.
         Starting Authorization Manager...
[[0;32m  OK  [0m] Started LSB: automatic crash report generation.
[[0;32m  OK  [0m] Started LSB: Record successful boot for GRUB.
[[0;32m  OK  [0m] Started OpenBSD Secure Shell server.
[[0;32m  OK  [0m] Started Authorization Manager.
[[0;32m  OK  [0m] Started Accounts Service.
[[0;32m  OK  [0m] Created slice User Slice of vagrant.
[   27.788426] cloud-init[1075]: Cloud-init v. 19.1-1-gbaa47854-0ubuntu1~18.04.1 running 'modules:config' at Sun, 09 Jun 2019 04:04:01 +0000. Up 27.60 seconds.
[[0;32m  OK  [0m] Started Dispatcher daemon for systemd-networkd.
[[0;32m  OK  [0m] Started Apply the settings specified in cloud-config.
[[0;32m  OK  [0m] Started Session 1 of user vagrant.
         Starting User Manager for UID 1000...
[[0;32m  OK  [0m] Started User Manager for UID 1000.
[[0;32m  OK  [0m] Started LXD - container startup/shutdown.

Ubuntu 18.04.2 LTS ubuntu-bionic ttyS0

ubuntu-bionic login: [   33.286678] cloud-init[1429]: Cloud-init v. 19.1-1-gbaa47854-0ubuntu1~18.04.1 running 'modules:final' at Sun, 09 Jun 2019 04:04:06 +0000. Up 33.18 seconds.
[   33.286798] cloud-init[1429]: Cloud-init v. 19.1-1-gbaa47854-0ubuntu1~18.04.1 finished at Sun, 09 Jun 2019 04:04:06 +0000. Datasource DataSourceNoCloud [seed=/dev/sdb][dsmode=net].  Up 33.28 seconds
